mkdir -p build
nasm -f elf64 boot/boot.asm -o build/boot.o
mkdir -p build
x86_64-elf-gcc -ffreestanding -fno-stack-protector -fno-pic -mno-red-zone -nostdlib -Wall -Wextra -Ikernel -c kernel/main.c -o build/main.o
mkdir -p build
x86_64-elf-gcc -ffreestanding -fno-stack-protector -fno-pic -mno-red-zone -nostdlib -Wall -Wextra -Ikernel -c kernel/drivers/serial.c -o build/serial.o
mkdir -p build
x86_64-elf-gcc -ffreestanding -fno-stack-protector -fno-pic -mno-red-zone -nostdlib -Wall -Wextra -Ikernel -c kernel/kprintf.c -o build/kprintf.o
mkdir -p build
x86_64-elf-gcc -ffreestanding -fno-stack-protector -fno-pic -mno-red-zone -nostdlib -Wall -Wextra -Ikernel -c kernel/arch/x86_64/gdt.c -o build/gdt.o
mkdir -p build
nasm -f elf64 kernel/arch/x86_64/gdt_flush.asm -o build/gdt_flush.o
mkdir -p build
x86_64-elf-gcc -ffreestanding -fno-stack-protector -fno-pic -mno-red-zone -nostdlib -Wall -Wextra -Ikernel -c kernel/arch/x86_64/idt.c -o build/idt.o
mkdir -p build
nasm -f elf64 kernel/arch/x86_64/isr.asm -o build/isr.o
mkdir -p build
nasm -f elf64 kernel/arch/x86_64/idt_load.asm -o build/idt_load.o
mkdir -p build
x86_64-elf-gcc -ffreestanding -fno-stack-protector -fno-pic -mno-red-zone -nostdlib -Wall -Wextra -Ikernel -c kernel/arch/x86_64/pic.c -o build/pic.o
mkdir -p build
x86_64-elf-gcc -ffreestanding -fno-stack-protector -fno-pic -mno-red-zone -nostdlib -Wall -Wextra -Ikernel -c kernel/arch/x86_64/irq.c -o build/irq.o
mkdir -p build
x86_64-elf-gcc -ffreestanding -fno-stack-protector -fno-pic -mno-red-zone -nostdlib -Wall -Wextra -Ikernel -c kernel/mm/pmm.c -o build/pmm.o
mkdir -p build
x86_64-elf-gcc -ffreestanding -fno-stack-protector -fno-pic -mno-red-zone -nostdlib -Wall -Wextra -Ikernel -c kernel/mm/vmm.c -o build/vmm.o
mkdir -p iso/boot/grub
x86_64-elf-gcc -ffreestanding -nostdlib -T linker.ld -z max-page-size=0x1000 -o iso/boot/kernel.bin build/boot.o build/main.o build/serial.o build/kprintf.o build/gdt.o build/gdt_flush.o build/idt.o build/isr.o build/idt_load.o build/pic.o build/irq.o build/pmm.o build/vmm.o
grub-mkrescue -o myos.iso iso
xorriso 1.5.4 : RockRidge filesystem manipulator, libburnia project.

Drive current: -outdev 'stdio:myos.iso'
Media current: stdio file, overwriteable
Media status : is blank
Media summary: 0 sessions, 0 data blocks, 0 data,  943g free
Added to ISO image: directory '/'='/tmp/grub.SfwkFN'
xorriso : UPDATE :     294 files added in 1 seconds
Added to ISO image: directory '/'='/home/dominicandrew/dev/myos/iso'
xorriso : UPDATE :     298 files added in 1 seconds
xorriso : NOTE : Copying to System Area: 512 bytes from file '/usr/lib/grub/i386-pc/boot_hybrid.img'
ISO image produced: 2488 sectors
Written to medium : 2488 sectors at LBA 0
Writing to 'stdio:myos.iso' completed successfully.

